../Core/Src/main.c:74:10:map	32	static
../Core/Src/main.c:78:6:init_params	4	static
../Core/Src/main.c:94:5:main	8	static
../Core/Src/main.c:146:6:SystemClock_Config	88	static
../Core/Src/main.c:196:13:MX_SPI1_Init	8	static
../Core/Src/main.c:236:13:MX_TIM2_Init	64	static
../Core/Src/main.c:295:13:MX_TIM3_Init	40	static
../Core/Src/main.c:340:13:MX_USART3_UART_Init	8	static
../Core/Src/main.c:375:13:MX_GPIO_Init	56	static
../Core/Src/main.c:478:6:HAL_UART_RxCpltCallback	16	static
../Core/Src/main.c:487:6:HAL_TIM_PeriodElapsedCallback	56	static
../Core/Src/main.c:523:6:Error_Handler	4	static,ignoring_inline_asm
